Auth-001:
- Form đăng ký và đăng nhập không hiển thị nút mà chỉ hiện thị 1 thanh dài bg trắng
- lúc bôi đen text trong input thì lại bôi màu trắng thay vì như bình thường
- Input nhập mật khẩu cần 1 icon con mắt để tiện xem mật khẩu
- Lúc đăng ký thành công thì nên redirect đến homepage và tài khoản đã được signin với tài khoản vừa signup luôn thay vì redirect đến login để đăng nhập lại tài khoản vừa đăng ký
- Trang register và login đang bị chừa 1 khoảng trắng trên đầu hơi nhiều. khoảng trắng giữa form và navbar

Auth-002:
- Hiển thị lỗi email đã được sử dụng thay vì dùng tiếng anh

Auth-005:
- thông báo lỗi nên để tiếng việt

Auth-006:
- tôi thắc mắc nếu đang ở trang bất kì mà bấm đăng xuất là redirect về homepage thì có bị ảnh hưởng UX khôgn hay các trang ecommerce lớn đều làm như vậy ?

Auth-007:
- chưa đăng nhập mà vào checkout vẫn được

Auth-008:
- có redirect homepage nhưng k thấy hiển thị thông báo gì hết

Auth-009:
- có redirect login nhưng k thấy hiển thị thông báo gì hết
- mà đã đăng nhập customer rồi mà hiển thị login thì có vẻ không hợp lý cho lắm

TC-HOME-003:
- Munu hoạt động trên mobile nhưng thiếu padding và separator line phù hợp
- Logo đang không được canh giữa
- Hình laptop của hero nên full width luôn
- Icon search không hoạt động
- cảm giác danh mục ở menu đang dư thừa. chỉ cần các routing chính là được

TC-HOME-004:
- ổn nhưng trên mobile thì 4 slogan mà có kèm theo icon chưa được layout grid phù hợp. position vẫn còn tự phát

TC-PROD-004:
- seed db chưa có variant cho các sản phẩm nên tôi chưa test được

TC-PROD-005:
- tương tự seed db chưa có sản phẩm hết hàng chưa test được

TC-CART-003:
- logic tính tổng chi phí đang bị sai còn tạm tính với phí vận chuyển thì đúng rồi

TC-CHK-002:
- khi tôi đang checkout nhập thông tin nhấn đặt hàng thì thông báo hiển thị cần đăng nhập thay vì là redirect đến login
- sau khi login xong nên redirect lại trang đăng nhập

TC-CHK-007:
- Nên hiển thị thêm thời gian đặt hàng ở /orders cho mỗi đơn hàng

TC-ORD-001:
- Đơn hàng nào thanh toán stripe thì hiển thị completed còn đơn nào COD thì hiển thị pending nhưng khi check trên db thì lại để tất cả đang pending

TC-VEN-001:
- tại sao tôi đăng ký acct mới xong vào db chỉnh thành role vendor thì quay lại đăng nhập trang vendor không được nhỉ

TC-ADM-001:
- tương tự vendor nhưng lần này thì trả về login còn vendor thì trả về homepage

Ngoài lề:
- Khi để con chuột lên hình icon human ở homepage để chọn đăng ký hay đăng nhập thì nên hiển thị cursor bàn tay như để chuột lên giỏ hàng hay các link thay vì k có trạng thái gì hết
- Nút danh mục ở homepage đang không hoạt động chỉ dropdown rồi thôi
- skeleton khi load thì các card màu xám layout không hợp lý
- thanh search trên navbar đang không hoạt động
- nút search icon màu trắng bị chìm vào nền trắng mất rồi
- cart count đang bị màu trắng nên không hiển thị số item đã bỏ vào giỏ hàng
- chữ hot kế bên flashsale màu trắng đang bị chìm vào nền
- badge giảm đến 50% nằm trên hero cần padding bên trái 1 chút
- logo nên để cái gì khác thay vì chữ V nhỉ ?
- có rất nhiều button và input đang bị tình trạng chữ trắng trùng với bg sáng làm không thấy được chữ và bị thiếu padding trái phải
- rất nhiều button và input chưa có được padding hợp lý
- cả 1 trang homepage cần thêm 1 chút padding ở trái phải vì khi thu nhỏ lại content đang hơi dính vào viền
- product card phần hình ảnh đang không ôm trọn lên trên viền của card mà lại bị chừa 1 khoảng trắng
- chỗ hiển thị % giảm giá nên đặt vị trí nào hợp lý hơn và cái đó đang hardcode hay là logic tính toán
- trang cart nếu không có sản phẩm nào thì nên cho nó 1 khoảng padding trên dưới nhiều hơn 1 tí để cảm giác không gò bó
- 3 sản phẩm như HUB USB C 7 in 1 và Webcam 4K và Bàn phím cơ RGB Gaming đang không hiển thị hình ảnh. Cho tôi thêm nhiều seeddata nữa đi để số lượng đa dạng hơn
- button danh mục ở navbar nên thêm 1 route Tất cả nữa cho giống filter ở products
- phần nhập thông tin thanh toán để checkout thì nên có logic gì đó tiện hơn cho việc thanh toán thay vì mỗi lần thanh toán phải nhập lại thông tin từ đầu
- product card nên có 1 nút addtocart nhanh thay vì click vào sản phẩm redirect đến chi tiết rồi mới add to cart
- dropdown đăng ký và đăng nhập nên cho thêm 1 icon phía trước
- các vendor seeddb nên có password là Kiet1461! hết





